[ux.emprise.tours/home-page.html]
[backblue.gif]
[fade.gif]
[index.html]
[ux.emprise.tours/assets/favicon.ico]
[d33wubrfki0l68.cloudfront.net/css/f31e5e19e0c12c7fed6b9a194c2c8eb75f114a7f/styles/plugins.css]
[d33wubrfki0l68.cloudfront.net/css/b83f5ef38c54f38e9309c992e724b1caa950e172/styles/main.css]
[external.html]
[ux.emprise.tours/index.html]
[ux.emprise.tours/home-page--fsv.html]
[ux.emprise.tours/home-page--fw.html]
[ux.emprise.tours/home-page--rs1.html]
[ux.emprise.tours/home-page--rs2.html]
[ux.emprise.tours/home-page--red.html]
[ux.emprise.tours/home-page--yellow.html]
[ux.emprise.tours/search-results--left-sidebar.html]
[ux.emprise.tours/about.html]
[ux.emprise.tours/product-detail-page.html]
[ux.emprise.tours/search-results--right-sidebar.html]
[ux.emprise.tours/search-results--no-sidebar.html]
[ux.emprise.tours/search-results--3-col.html]
[ux.emprise.tours/contact.html]
[ux.emprise.tours/contact--v2.html]
[ux.emprise.tours/gallery-page.html]
[ux.emprise.tours/404.html]
[ux.emprise.tours/account-pages--signup.html]
[ux.emprise.tours/account-pages--login.html]
[ux.emprise.tours/account-pages--forgot-password.html]
[ux.emprise.tours/account-pages--verification.html]
[ux.emprise.tours/my-account-pages--order.html]
[ux.emprise.tours/checkout-page.html]
[ux.emprise.tours/order-received.html]
[ux.emprise.tours/my-account-pages--dashboard.html]
[ux.emprise.tours/my-account-pages--subscription.html]
[ux.emprise.tours/review-form-page.html]
[ux.emprise.tours/product-form.html]
[ux.emprise.tours/icon-font-page.html]
[ux.emprise.tours/navigation--html-signup.html]
[ux.emprise.tours/single.html]
[ux.emprise.tours/blog-listings--no-sidebar.html]
[ux.emprise.tours/blog-listings--left-sidebar.html]
[ux.emprise.tours/blog-listings--right-sidebar.html]
[ux.emprise.tours/blog-listings--no-results.html]
[d33wubrfki0l68.cloudfront.net/de14afd41d1a7b1a2544ced5b219af7d9fa2d7f9/481da/assets/images/blog-single-avatar.png]
[d33wubrfki0l68.cloudfront.net/1074be3b6de605fa9864057d04331b7066cc7f7f/ee21d/assets/images/banner/banner-03.jpg]
[d33wubrfki0l68.cloudfront.net/b05f530509166c4c1a4c515357383aaa79ffcb51/200a2/assets/images/banner/banner-03-2.jpg]
[d33wubrfki0l68.cloudfront.net/83eaf1e4cee158ff3ecddd3e631b21f8863b41a0/be152/assets/images/ele-payments.png]
[ux.emprise.tours/home-page.html]
[d33wubrfki0l68.cloudfront.net/css/f31e5e19e0c12c7fed6b9a194c2c8eb75f114a7f/styles/plugins.css]
[d33wubrfki0l68.cloudfront.net/bundles/9123ae4616ab9b822de203233984359201cebe4f.js]
[d33wubrfki0l68.cloudfront.net/assets/images/1031d94fa27e432b03751bf64f70896c9622605a/google-signin.png]
[d33wubrfki0l68.cloudfront.net/assets/images/c9e73d9f661ba088f8c88e5f1477f8f2f391173f/greentick.png]
[d33wubrfki0l68.cloudfront.net/assets/images/d3ba04fc8cfdc69a080f196ffb69c2dc121a5d60/calendar.png]
[d33wubrfki0l68.cloudfront.net/assets/images/30764f8281b8bf6a7cd9036cb201ea637e41b6dd/help.png]
[d33wubrfki0l68.cloudfront.net/assets/images/24f8fbe06e1f53b7fb91d293182ba95a8459a6dd/checkbox-bg.png]
[d33wubrfki0l68.cloudfront.net/assets/images/767fad73122ffe0c51888a2adda9a6d4341bb319/tick.png]
[d33wubrfki0l68.cloudfront.net/assets/images/6c5e63f1f6c32d7b714613db87844444e0d86c96/dotted.png]
[d33wubrfki0l68.cloudfront.net/assets/images/6129db9b67f81fbd3770f773be4c35fa7887b998/dotted-2.png]
[d33wubrfki0l68.cloudfront.net/assets/images/92d5b3ff6b757ec620640fc513cd0aaa80fbfe5d/checkmark.png]
[d33wubrfki0l68.cloudfront.net/assets/images/7c5c13e46b81bde04acf14f899aaa6fb051e4907/icon-email.png]
[d33wubrfki0l68.cloudfront.net/assets/images/b4d3a1cbff1755bd748b6dce658f6a8b2091717f/icon-plus.png]
[d33wubrfki0l68.cloudfront.net/assets/images/e4f9d4a40898e8625d4e48939707227ded47133b/icon-globe.png]
[d33wubrfki0l68.cloudfront.net/assets/images/a7e784ca5ce982102827fcc85708681cc168005c/ele-arrow-right.png]
[d33wubrfki0l68.cloudfront.net/assets/images/f457b2db0648e4d34fca167fa6a11db86d953970/search-24.png]
[d33wubrfki0l68.cloudfront.net/css/b83f5ef38c54f38e9309c992e724b1caa950e172/styles/main.css]
[d33wubrfki0l68.cloudfront.net/assets/images/landing-page/6fc943ca748b2f9d95a359b750c840ea796ef360/landing-hero-bg.png]
[d33wubrfki0l68.cloudfront.net/bundles/67608f4a19de0c4b5bdf8a3a05c0aaa11526369d.css]
[ux.emprise.tours/vendors/navx/js/navigation.min.js]
[d33wubrfki0l68.cloudfront.net/c9b18c85ffb0c9c52e0a5e01444fcf9f87132e71/7f866/assets/images/landing-page/03.jpg]
[ux.emprise.tours/js/main.js]
[d33wubrfki0l68.cloudfront.net/e8561c8521aaed819ac8dd70ba568f3f0706f14f/79a98/assets/images/landing-page/01.jpg]
[d33wubrfki0l68.cloudfront.net/ee1cb001fdfb8432caa82b17b44d013b58d23a92/a09fd/assets/images/landing-page/02.jpg]
[d33wubrfki0l68.cloudfront.net/40d3807166072f7317bbe7f9cfd8392861f9296d/d228b/assets/images/landing-page/04.jpg]
[d33wubrfki0l68.cloudfront.net/b1b99ab9c8bfeec9726d985a1e031ce0e5f55aca/8f9ee/assets/images/landing-page/05.jpg]
[d33wubrfki0l68.cloudfront.net/b42b7175b3533dc2e803c5abdbe957c05f80e0c0/4e561/assets/images/landing-page/tour-detail-01.jpg]
[d33wubrfki0l68.cloudfront.net/33684b1d34e4e744e048d89812cb221f9d084898/96a3a/assets/images/landing-page/listing-01.jpg]
[d33wubrfki0l68.cloudfront.net/e76cdf0c1aef93d09fdf3ad80eac4fcf6708c946/839d0/assets/images/landing-page/about-01.jpg]
[ux.emprise.tours/index.html]
[ux.emprise.tours/home-page--fsv.html]
[d33wubrfki0l68.cloudfront.net/cabff2d65c222dc20b4ff0c531d23b533729f1f0/8447d/assets/images/banner/full-width-bg.jpg]
[d33wubrfki0l68.cloudfront.net/03da62006a3e64ee17faa0b00f3e7b9208170518/68124/assets/images/guide-photo-01.jpg]
[d33wubrfki0l68.cloudfront.net/be96a5a13551a0eee1615bb7e57ae492ae654c02/675ea/assets/images/guide-photo-02.jpg]
[ux.emprise.tours/home-page--fw.html]
[ux.emprise.tours/vendors/jquery.min.js]
[d33wubrfki0l68.cloudfront.net/js/dd93095fbc227bc906badfd2cb965e13fffac21c/assets/js/jquery.min.js]
[d33wubrfki0l68.cloudfront.net/ae0a42fdbfc5942fd445edb634650040621912a6/9815f/assets/images/rev-slider/slide-4.jpg]
[d33wubrfki0l68.cloudfront.net/bundles/337dcc32f7bae2d01c4f986502e17c5f54cd3dd8.css]
[d33wubrfki0l68.cloudfront.net/css/ced58c04a29e3fd1a68d9c2eaef08948c9a5d216/vendors/rs6.css]
[d33wubrfki0l68.cloudfront.net/1e070ad9c3468467b98570d8666397412292167e/7783c/assets/images/rev-slider/prev.png]
[d33wubrfki0l68.cloudfront.net/dfcf3b185a2db0ef31d5b83101e8818ef5fb68fc/9a556/assets/images/rev-slider/next.png]
[d33wubrfki0l68.cloudfront.net/39d80bb4dd4a4a6854eabc859277195b8ff50aa8/81ac8/assets/images/rev-slider/icon.png]
[d33wubrfki0l68.cloudfront.net/16b7b24ea591c14b36ef1cf52c69cbbcc8604699/7ab3a/assets/images/rev-slider/slide-3.jpg]
[ux.emprise.tours/home-page--rs1.html]
[d33wubrfki0l68.cloudfront.net/bundles/9cbed4606402ae1ba6de814c0fd1f8c1cdea7069.js]
[d33wubrfki0l68.cloudfront.net/759b0bf793f331d158b40347730ac7eef86b7932/e8700/assets/images/rev-slider/slide-2--v3.jpg]
[ux.emprise.tours/home-page--rs2.html]
[d33wubrfki0l68.cloudfront.net/a86db52e338e48fbf22aaac868207768be4a8201/d1b23/assets/images/rev-slider/slide-2--v4.jpg]
[d33wubrfki0l68.cloudfront.net/085d3925ac4364c16545d911b973cae76a06e2b7/b3aba/assets/images/slide-5.jpg]
[ux.emprise.tours/home-page--red.html]
[d33wubrfki0l68.cloudfront.net/0995b8303a3b0ecef5b6dc3bed528828a6b30be3/860b6/assets/images/slide-yellow.jpg]
[ux.emprise.tours/home-page--yellow.html]
[ux.emprise.tours/search-results--left-sidebar.html]
[d33wubrfki0l68.cloudfront.net/4100a07c3731a13e5cdedf8e1cb78e25a9bce755/a4827/assets/images/about-hero-3.jpg]
[d33wubrfki0l68.cloudfront.net/bba451a6643ffb21a1251bb40033dec9043d63c6/69f06/assets/images/about-01.jpg]
[d33wubrfki0l68.cloudfront.net/27d70e768604eabdca0d6ca79ad796c7547997ec/73787/assets/images/about-02.jpg]
[d33wubrfki0l68.cloudfront.net/ce34052559e5c13bcf01486fb155a11f800c3768/28124/assets/images/team/team-03.jpg]
[d33wubrfki0l68.cloudfront.net/906752cfbe1886e3b76c07eaa844efbdcb0ba818/d6e7f/assets/images/team/team-05.jpg]
[d33wubrfki0l68.cloudfront.net/f3314970165fff293c63df6aa26662293a026994/4399d/assets/images/team/team-06.jpg]
[d33wubrfki0l68.cloudfront.net/b88d405ba5a5b38620d79ebd8f499815c451707d/f45d7/assets/images/team/team-04.jpg]
[ux.emprise.tours/about.html]
[ux.emprise.tours/assets/images/gallery/1568/suzy-brooks-nygy9pb5mp4-unsplash1568.jpg]
[d33wubrfki0l68.cloudfront.net/bfc081639866e6c2696d7b52cec3ab0fda37e2a2/bd00e/assets/images/gallery/thumbs/suzy-brooks-nygy9pb5mp4-unsplash507.jpg]
[ux.emprise.tours/assets/images/gallery/videos/spiderboat.mp4]
[d33wubrfki0l68.cloudfront.net/a07d735fbbd261bb6bdcb50c6c033038b173d9f5/a8600/assets/images/gallery/videos/spliderboat-sc.jpg]
[d33wubrfki0l68.cloudfront.net/b8a2696cafd6fb011ac0f2e0d3db77c5705dea25/f41b5/assets/images/lightbox-map-thumb.jpg]
[d33wubrfki0l68.cloudfront.net/9a232cb35628fffded508fb8e708123804b6e269/55391/assets/images/misc/itinerary-1.jpg]
[ux.emprise.tours/assets/images/gallery/1568/aman-kvknav96-di-unsplash1568.jpg]
[d33wubrfki0l68.cloudfront.net/dc1bc8df8f35eb16dba1ee4ce311e6cfd30c552f/8d640/assets/images/misc/itinerary-2.jpg]
[ux.emprise.tours/assets/images/gallery/1568/anna-sullivan-g7b2bqwtluq-unsplash1568.jpg]
[d33wubrfki0l68.cloudfront.net/cc31cd5c77f8a192b68020ea281f267bac39c528/45577/assets/images/misc/itinerary-3.jpg]
[d33wubrfki0l68.cloudfront.net/ad466983878042cf156e2431f3d742ff4eeca849/a0e92/assets/images/misc/image-1_56x56.jpg]
[d33wubrfki0l68.cloudfront.net/81b93466236fa4c1e3f1f92ecd0e92e24780525f/3f948/assets/images/misc/image-2_56x56.jpg]
[d33wubrfki0l68.cloudfront.net/75d798441ae5193a9d998415f8687490e1bcb5db/27591/assets/images/misc/image-7_56x56.jpg]
[d33wubrfki0l68.cloudfront.net/f75f767aae3a544a5b34641b5d1eaabaf1fabfe4/38c67/assets/images/misc/image-6_56x56.jpg]
[ux.emprise.tours/product-detail-page.html]
[ux.emprise.tours/search-results--right-sidebar.html]
[ux.emprise.tours/search-results--no-sidebar.html]
[d33wubrfki0l68.cloudfront.net/f6be6773e276fcf211d874edc27962b06e66d7a3/79263/assets/images/item-listing/item-listing01.jpg]
[d33wubrfki0l68.cloudfront.net/02c0f965b7c4298a6755547bd2f798533bf1c144/eb9d7/assets/images/item-listing/item-listing02.jpg]
[d33wubrfki0l68.cloudfront.net/cc832fe834fcb0dbeb849d7eddb57e6b0ffdf965/30ce5/assets/images/item-listing/item-listing03.jpg]
[d33wubrfki0l68.cloudfront.net/8f714aa3408e05fe4e47f4ca1dbcb47bc93b4ce5/f308b/assets/images/item-listing/item-listing04.jpg]
[d33wubrfki0l68.cloudfront.net/0ce8f222af61a14dc1cc789f687ad349d15ce52d/c70b7/assets/images/item-listing/item-listing05.jpg]
[d33wubrfki0l68.cloudfront.net/99cde86e96e54101a6009847ab340aee9b30014e/2696a/assets/images/item-listing/item-listing06.jpg]
[d33wubrfki0l68.cloudfront.net/2120c775cc41922a9e25a26250257b73fd124366/59d09/assets/images/item-listing/item-listing07.jpg]
[d33wubrfki0l68.cloudfront.net/450e51577c04418078e5bee1d22313ff47022d9b/4d028/assets/images/item-listing/item-listing08.jpg]
[d33wubrfki0l68.cloudfront.net/605673713ad9de64ff94431813daef8cb027cb56/89255/assets/images/item-listing/item-listing09.jpg]
[d33wubrfki0l68.cloudfront.net/fb3e5d7fdadb73bae775cbf7b296a26baa2b12d7/d840f/assets/images/item-listing/item-listing10.jpg]
[ux.emprise.tours/search-results--3-col.html]
[ux.emprise.tours/contact.html]
[ux.emprise.tours/contact--v2.html]
[d33wubrfki0l68.cloudfront.net/40ff19e3226a76585a314a4f8e0fac6662dd790c/a14af/assets/images/gallery/thumbs/aman-kvknav96-di-unsplash507.jpg]
[ux.emprise.tours/assets/images/gallery/1568/aman-mzeyep3symi-unsplash1568.jpg]
[d33wubrfki0l68.cloudfront.net/4d4e34e5fac0fb9c90dc23fd998fcc349a82d5c7/28a71/assets/images/gallery/thumbs/aman-mzeyep3symi-unsplash507.jpg]
[ux.emprise.tours/assets/images/gallery/1568/andreas-m-88intec2q5q-unsplash1568.jpg]
[d33wubrfki0l68.cloudfront.net/02ee4d9a2c38094812a1af8598cee585579e8f87/27d67/assets/images/gallery/thumbs/andreas-m-88intec2q5q-unsplash507.jpg]
[d33wubrfki0l68.cloudfront.net/c5c1cf67f7c66143e3954cc7e041ff56fbed70b7/c5dd9/assets/images/gallery/thumbs/anna-sullivan-g7b2bqwtluq-unsplash507.jpg]
[ux.emprise.tours/assets/images/gallery/1568/anna-sullivan-nnu2nafn34c-unsplash1568.jpg]
[d33wubrfki0l68.cloudfront.net/3127767ff3327621202864bb45920193a1ae193a/ab531/assets/images/gallery/thumbs/anna-sullivan-nnu2nafn34c-unsplash507.jpg]
[ux.emprise.tours/assets/images/gallery/1568/anna-sullivan-zvuy4-sbaum-unsplash1568.jpg]
[d33wubrfki0l68.cloudfront.net/946d94356a96a8cdb73ce98637250b3d4debf7b8/056a3/assets/images/gallery/thumbs/anna-sullivan-zvuy4-sbaum-unsplash507.jpg]
[ux.emprise.tours/assets/images/gallery/1568/christian-lambert-ycyxpdhcnp8-unsplash1568.jpg]
[d33wubrfki0l68.cloudfront.net/f80724722805a15504b760b654445e9dc72cebc3/7f422/assets/images/gallery/thumbs/christian-lambert-ycyxpdhcnp8-unsplash507.jpg]
[ux.emprise.tours/assets/images/gallery/1568/cory-bjork-752uo3zewig-unsplash1568.jpg]
[d33wubrfki0l68.cloudfront.net/267558f7419822e8bf88a693c4d899c5f80e9eb4/0fde0/assets/images/gallery/thumbs/cory-bjork-752uo3zewig-unsplash507.jpg]
[ux.emprise.tours/assets/images/gallery/1568/david-vives-elf8m-ywrty-unsplash1568.jpg]
[d33wubrfki0l68.cloudfront.net/77bf7eb9797f9c8f5b671206775f55f05ef9f715/203b1/assets/images/gallery/thumbs/david-vives-elf8m-ywrty-unsplash507.jpg]
[ux.emprise.tours/assets/images/gallery/1568/gerson-repreza-nx3sdckkfww-unsplash1568.jpg]
[d33wubrfki0l68.cloudfront.net/436ace92488cfd8aa7ce9da8811a64512b872328/0bb02/assets/images/gallery/thumbs/gerson-repreza-nx3sdckkfww-unsplash507.jpg]
[ux.emprise.tours/assets/images/gallery/1568/gerson-repreza-pw3tjkrksy8-unsplash1568.jpg]
[d33wubrfki0l68.cloudfront.net/dcb3aa8a536033499fbf02ed55272ff4f8d692c1/b7449/assets/images/gallery/thumbs/gerson-repreza-pw3tjkrksy8-unsplash507.jpg]
[ux.emprise.tours/assets/images/gallery/1568/helen-ngoc-n-p9vszt2lnny-unsplash1568.jpg]
[d33wubrfki0l68.cloudfront.net/0fa9381836b014e119429f41405ceb0882477432/3df47/assets/images/gallery/thumbs/helen-ngoc-n-p9vszt2lnny-unsplash507.jpg]
[ux.emprise.tours/assets/images/gallery/1568/james-johnston-dwhaprpqvmi-unsplash1568.jpg]
[d33wubrfki0l68.cloudfront.net/576f2c9310e22a0c8b0b114bfc9f10d12dc0486f/2b362/assets/images/gallery/thumbs/james-johnston-dwhaprpqvmi-unsplash507.jpg]
[ux.emprise.tours/assets/images/gallery/1568/josh-hammond-vonmtj81t-e-unsplash1568.jpg]
[d33wubrfki0l68.cloudfront.net/f1d520eb7e299e0340c6a781474a82f903c94d65/a0683/assets/images/gallery/thumbs/josh-hammond-vonmtj81t-e-unsplash507.jpg]
[ux.emprise.tours/assets/images/gallery/1568/meg-jerrard-zevmf9g-4ky-unsplash1568.jpg]
[ux.emprise.tours/gallery-page.html]
[ux.emprise.tours/404.html]
[ux.emprise.tours/account-pages--signup.html]
[ux.emprise.tours/account-pages--login.html]
[d33wubrfki0l68.cloudfront.net/44eec1b7f73167452d1b81707c370f2c2d48e44b/11060/assets/images/gallery/thumbs/meg-jerrard-zevmf9g-4ky-unsplash507.jpg]
[ux.emprise.tours/account-pages--forgot-password.html]
[ux.emprise.tours/account-pages--verification.html]
[ux.emprise.tours/my-account-pages--order.html]
[d33wubrfki0l68.cloudfront.net/4d7eb94bc5c5bb88e98f6c2f1193015b22647a4c/a94ab/assets/images/back-arrow.png]
[d33wubrfki0l68.cloudfront.net/a44820700a7384e225da8eea78ae44c04e916695/b9a62/assets/images/card_items-photo.jpg]
[ux.emprise.tours/checkout-page.html]
[ux.emprise.tours/order-received.html]
[ux.emprise.tours/my-account-pages--dashboard.html]
[ux.emprise.tours/my-account-pages--subscription.html]
[ux.emprise.tours/review-form-page.html]
[ux.emprise.tours/product-form.html]
[ux.emprise.tours/icon-font-page.html]
[ux.emprise.tours/navigation--html-signup.html]
[d33wubrfki0l68.cloudfront.net/8b1e4c8be18e1f36b8c8d6d3c0ad37f1500af881/e741d/assets/images/google-map.jpg]
[d33wubrfki0l68.cloudfront.net/da6bca021bb44db3467238ea85010282c57d6fef/21177/assets/images/blog-image--main.jpg]
[d33wubrfki0l68.cloudfront.net/c8a99ca70cb07f31da8a4e743d75d198425c5b86/e859c/assets/images/blog-single-02.jpg]
[d33wubrfki0l68.cloudfront.net/3abe9e0a7e2af8b1d2c59b61edddeb2486454422/10bb5/assets/images/rlr-newsletter-01.jpg]
[d33wubrfki0l68.cloudfront.net/4cbbdb21199d7bdf7f9d4a870b3e17aa06fedce5/aa32c/assets/images/rlr-newsletter-02.jpg]
[ux.emprise.tours/single.html]
[d33wubrfki0l68.cloudfront.net/72d923c6ef1da00521fe28da40303bd895aee758/68f1c/assets/images/rlr-newsletter-03.jpg]
[d33wubrfki0l68.cloudfront.net/54c8369e2a45d05ccb7f1847af0ebfddb2024f4b/ff54c/assets/images/blog/blog-listing01.jpg]
[d33wubrfki0l68.cloudfront.net/e507c79fcf92668272975084def4819c24e0556f/f7aa4/assets/images/blog/blog-listing02.jpg]
[d33wubrfki0l68.cloudfront.net/a6988581ecad67a482a1f42150238cec6f2f04af/bdf64/assets/images/blog/blog-listing03.jpg]
[d33wubrfki0l68.cloudfront.net/bf2da761286bf8a4ae070ce9d304fec36394d839/60ff5/assets/images/blog/blog-listing04.jpg]
[d33wubrfki0l68.cloudfront.net/f9bcfe5e60d8b508dfdd697a653bb0b12b2c92d0/595f6/assets/images/blog/blog-listing05.jpg]
[d33wubrfki0l68.cloudfront.net/7b7973bc1b6bdc60649ea2ec112c51499bd7d250/37466/assets/images/blog/blog-listing06.jpg]
[d33wubrfki0l68.cloudfront.net/6b09424d6d04fe618cef580d7a3f8f1a0855c090/05ed1/assets/images/blog/blog-listing07.jpg]
[d33wubrfki0l68.cloudfront.net/2f3a80c5ac085134c7f116812f19ae2a6f1c36c9/9ef7d/assets/images/blog/blog-listing08.jpg]
[ux.emprise.tours/blog-listings--no-sidebar.html]
[d33wubrfki0l68.cloudfront.net/b2d699902df2b436994c689e9cd04bd8634deb73/c1b4c/assets/images/blog/blog-listing09.jpg]
[d33wubrfki0l68.cloudfront.net/6f402e7dca377a070191086058423463f16d3c0c/d78bb/assets/images/blog-list-01.jpg]
[d33wubrfki0l68.cloudfront.net/3a98ce2d9d78e92abddd0851748151304961e048/3aa69/assets/images/blog-list-02.jpg]
[ux.emprise.tours/blog-listings--left-sidebar.html]
[d33wubrfki0l68.cloudfront.net/5d04fe9e2c047df758bae013cbd9cce6963d3a67/a5477/assets/images/blog-list-03.jpg]
[ux.emprise.tours/blog-listings--right-sidebar.html]
[ux.emprise.tours/blog-listings--no-results.html]
[d33wubrfki0l68.cloudfront.net/css/b83f5ef38c54f38e9309c992e724b1caa950e172/assets.images/search-24.png]
[d33wubrfki0l68.cloudfront.net/css/assets/images/artem-kniaz-bC7zaV3j7S4-unsplash.jpg]
[d33wubrfki0l68.cloudfront.net/bundles/67608f4a19de0c4b5bdf8a3a05c0aaa11526369d.css]
[d33wubrfki0l68.cloudfront.net/css/ced58c04a29e3fd1a68d9c2eaef08948c9a5d216/vendors/rs6.css]
[d33wubrfki0l68.cloudfront.net/bundles/337dcc32f7bae2d01c4f986502e17c5f54cd3dd8.css]
[d33wubrfki0l68.cloudfront.net/bundles/qualy-webfont.eot]
[d33wubrfki0l68.cloudfront.net/bundles/qualy-webfontd41d.eot]
[d33wubrfki0l68.cloudfront.net/assets.images/search-24.png]
[d33wubrfki0l68.cloudfront.net/assets/images/artem-kniaz-bC7zaV3j7S4-unsplash.jpg]
[d33wubrfki0l68.cloudfront.net/css/ced58c04a29e3fd1a68d9c2eaef08948c9a5d216/vendors/openhand.cur]
[d33wubrfki0l68.cloudfront.net/css/ced58c04a29e3fd1a68d9c2eaef08948c9a5d216/vendors/closedhand.cur]
[d33wubrfki0l68.cloudfront.net/css/ced58c04a29e3fd1a68d9c2eaef08948c9a5d216/assets/gridtile.png]
[d33wubrfki0l68.cloudfront.net/css/ced58c04a29e3fd1a68d9c2eaef08948c9a5d216/assets/gridtile_white.png]
[d33wubrfki0l68.cloudfront.net/css/ced58c04a29e3fd1a68d9c2eaef08948c9a5d216/assets/gridtile_3x3.png]
[d33wubrfki0l68.cloudfront.net/css/ced58c04a29e3fd1a68d9c2eaef08948c9a5d216/assets/gridtile_3x3_white.png]
[d33wubrfki0l68.cloudfront.net/css/ced58c04a29e3fd1a68d9c2eaef08948c9a5d216/assets/coloredbg.png]
[d33wubrfki0l68.cloudfront.net/css/ced58c04a29e3fd1a68d9c2eaef08948c9a5d216/assets/loader.gif]
[d33wubrfki0l68.cloudfront.net/bundles/openhand.cur]
[d33wubrfki0l68.cloudfront.net/bundles/closedhand.cur]
[d33wubrfki0l68.cloudfront.net/assets/gridtile.png]
[d33wubrfki0l68.cloudfront.net/assets/gridtile_white.png]
[d33wubrfki0l68.cloudfront.net/assets/gridtile_3x3.png]
[d33wubrfki0l68.cloudfront.net/assets/gridtile_3x3_white.png]
[d33wubrfki0l68.cloudfront.net/assets/coloredbg.png]
[d33wubrfki0l68.cloudfront.net/assets/loader.gif]
